[1/11] Распаковка новой версии в изолированный staging-каталог...
Payload SHA-256: 4ce69fa5a93c229d4404823fadf4a385d99ba47396c4e4807dc65d7a2cd3adc1
[2/11] Загрузка и проверка официального Python runtime...
[3/11] Проверка pip в staging...
pip 26.1.2 from C:\Users\runneradmin\AppData\Local\Programs\ImageLab by LarannA.staging-97ca7c705d95\runtime\Lib\site-packages\pip (python 3.13)
[4/11] Установка точных зависимостей в staging...
Collecting fastapi==0.128.2 (from -r C:\Users\runneradmin\AppData\Local\Programs\ImageLab by LarannA.staging-97ca7c705d95\requirements.txt (line 1))
  Using cached fastapi-0.128.2-py3-none-any.whl.metadata (30 kB)
Collecting starlette==0.50.0 (from -r C:\Users\runneradmin\AppData\Local\Programs\ImageLab by LarannA.staging-97ca7c705d95\requirements.txt (line 2))
  Using cached starlette-0.50.0-py3-none-any.whl.metadata (6.3 kB)
Collecting pydantic==2.13.4 (from -r C:\Users\runneradmin\AppData\Local\Programs\ImageLab by LarannA.staging-97ca7c705d95\requirements.txt (line 3))
  Using cached pydantic-2.13.4-py3-none-any.whl.metadata (109 kB)
Collecting pydantic-core==2.46.4 (from -r C:\Users\runneradmin\AppData\Local\Programs\ImageLab by LarannA.staging-97ca7c705d95\requirements.txt (line 4))
  Using cached pydantic_core-2.46.4-cp313-cp313-win_amd64.whl.metadata (6.7 kB)
Collecting annotated-types==0.7.0 (from -r C:\Users\runneradmin\AppData\Local\Programs\ImageLab by LarannA.staging-97ca7c705d95\requirements.txt (line 5))
  Using cached annotated_types-0.7.0-py3-none-any.whl.metadata (15 kB)
Collecting annotated-doc==0.0.4 (from -r C:\Users\runneradmin\AppData\Local\Programs\ImageLab by LarannA.staging-97ca7c705d95\requirements.txt (line 6))
  Using cached annotated_doc-0.0.4-py3-none-any.whl.metadata (6.6 kB)
Collecting typing-extensions==4.15.0 (from -r C:\Users\runneradmin\AppData\Local\Programs\ImageLab by LarannA.staging-97ca7c705d95\requirements.txt (line 7))
  Using cached typing_extensions-4.15.0-py3-none-any.whl.metadata (3.3 kB)
Collecting typing-inspection==0.4.2 (from -r C:\Users\runneradmin\AppData\Local\Programs\ImageLab by LarannA.staging-97ca7c705d95\requirements.txt (line 8))
  Using cached typing_inspection-0.4.2-py3-none-any.whl.metadata (2.6 kB)
Collecting anyio==4.13.0 (from -r C:\Users\runneradmin\AppData\Local\Programs\ImageLab by LarannA.staging-97ca7c705d95\requirements.txt (line 9))
  Using cached anyio-4.13.0-py3-none-any.whl.metadata (4.5 kB)
Collecting idna==3.17 (from -r C:\Users\runneradmin\AppData\Local\Programs\ImageLab by LarannA.staging-97ca7c705d95\requirements.txt (line 10))
  Using cached idna-3.17-py3-none-any.whl.metadata (6.4 kB)
Collecting uvicorn==0.48.0 (from -r C:\Users\runneradmin\AppData\Local\Programs\ImageLab by LarannA.staging-97ca7c705d95\requirements.txt (line 11))
  Using cached uvicorn-0.48.0-py3-none-any.whl.metadata (6.7 kB)
Collecting click==8.1.8 (from -r C:\Users\runneradmin\AppData\Local\Programs\ImageLab by LarannA.staging-97ca7c705d95\requirements.txt (line 12))
  Using cached click-8.1.8-py3-none-any.whl.metadata (2.3 kB)
Collecting h11==0.16.0 (from -r C:\Users\runneradmin\AppData\Local\Programs\ImageLab by LarannA.staging-97ca7c705d95\requirements.txt (line 13))
  Using cached h11-0.16.0-py3-none-any.whl.metadata (8.3 kB)
Collecting colorama==0.4.6 (from -r C:\Users\runneradmin\AppData\Local\Programs\ImageLab by LarannA.staging-97ca7c705d95\requirements.txt (line 14))
  Using cached colorama-0.4.6-py2.py3-none-any.whl.metadata (17 kB)
Collecting python-multipart==0.0.31 (from -r C:\Users\runneradmin\AppData\Local\Programs\ImageLab by LarannA.staging-97ca7c705d95\requirements.txt (line 15))
  Using cached python_multipart-0.0.31-py3-none-any.whl.metadata (2.1 kB)
Collecting Pillow==12.3.0 (from -r C:\Users\runneradmin\AppData\Local\Programs\ImageLab by LarannA.staging-97ca7c705d95\requirements.txt (line 16))
  Using cached pillow-12.3.0-cp313-cp313-win_amd64.whl.metadata (9.3 kB)
Collecting numpy==2.3.5 (from -r C:\Users\runneradmin\AppData\Local\Programs\ImageLab by LarannA.staging-97ca7c705d95\requirements.txt (line 17))
  Using cached numpy-2.3.5-cp313-cp313-win_amd64.whl.metadata (60 kB)
Collecting opencv-python-headless==4.13.0.92 (from -r C:\Users\runneradmin\AppData\Local\Programs\ImageLab by LarannA.staging-97ca7c705d95\requirements.txt (line 18))
  Using cached opencv_python_headless-4.13.0.92-cp37-abi3-win_amd64.whl.metadata (20 kB)
Using cached fastapi-0.128.2-py3-none-any.whl (104 kB)
Using cached starlette-0.50.0-py3-none-any.whl (74 kB)
Using cached pydantic-2.13.4-py3-none-any.whl (472 kB)
Using cached pydantic_core-2.46.4-cp313-cp313-win_amd64.whl (2.1 MB)
Using cached annotated_types-0.7.0-py3-none-any.whl (13 kB)
Using cached annotated_doc-0.0.4-py3-none-any.whl (5.3 kB)
Using cached typing_extensions-4.15.0-py3-none-any.whl (44 kB)
Using cached typing_inspection-0.4.2-py3-none-any.whl (14 kB)
Using cached anyio-4.13.0-py3-none-any.whl (114 kB)
Using cached idna-3.17-py3-none-any.whl (65 kB)
Using cached uvicorn-0.48.0-py3-none-any.whl (71 kB)
Using cached click-8.1.8-py3-none-any.whl (98 kB)
Using cached h11-0.16.0-py3-none-any.whl (37 kB)
Using cached colorama-0.4.6-py2.py3-none-any.whl (25 kB)
Using cached python_multipart-0.0.31-py3-none-any.whl (29 kB)
Using cached pillow-12.3.0-cp313-cp313-win_amd64.whl (7.2 MB)
Using cached numpy-2.3.5-cp313-cp313-win_amd64.whl (12.8 MB)
Using cached opencv_python_headless-4.13.0.92-cp37-abi3-win_amd64.whl (40.1 MB)
Installing collected packages: uvicorn, typing-inspection, typing-extensions, starlette, python-multipart, pydantic-core, pydantic, Pillow, opencv-python-headless, numpy, idna, h11, fastapi, colorama, click, anyio, annotated-types, annotated-doc

Successfully installed Pillow-12.3.0 annotated-doc-0.0.4 annotated-types-0.7.0 anyio-4.13.0 click-8.1.8 colorama-0.4.6 fastapi-0.128.2 h11-0.16.0 idna-3.17 numpy-2.3.5 opencv-python-headless-4.13.0.92 pydantic-2.13.4 pydantic-core-2.46.4 python-multipart-0.0.31 starlette-0.50.0 typing-extensions-4.15.0 typing-inspection-0.4.2 uvicorn-0.48.0
No broken requirements found.
[5/11] Проверка кода, зависимостей, AI-runtime и идентичности staging...
DEPENDENCIES, IDENTITY AND AI MODELS VERIFIED {'fastapi': '0.128.2', 'starlette': '0.50.0', 'pydantic': '2.13.4', 'pydantic-core': '2.46.4', 'annotated-types': '0.7.0', 'annotated-doc': '0.0.4', 'typing-extensions': '4.15.0', 'typing-inspection': '0.4.2', 'anyio': '4.13.0', 'idna': '3.17', 'uvicorn': '0.48.0', 'click': '8.1.8', 'h11': '0.16.0', 'colorama': '0.4.6', 'python-multipart': '0.0.31', 'Pillow': '12.3.0', 'numpy': '2.3.5', 'opencv-python-headless': '4.13.0.92'} 11
[6/11] Производственный self-test новой версии до изменения текущей установки...
{
  "schema": 1,
  "status": "PASS",
  "app": "ImageLab by LarannA",
  "version": "1.4.6-recovery-candidate",
  "build_id": "REC-RT8-M6-20260724-03",
  "install_id": "97ca7c705d95b23b84e7e4edb273b783",
  "python": "3.13.14 (tags/v3.13.14:fd17997, Jun 10 2026, 13:03:48) [MSC v.1944 64 bit (AMD64)]",
  "data_dir": "C:\\Users\\runneradmin\\AppData\\Local\\Temp\\imagelab-release-selftest-preinstall-2490742281\\data",
  "tests": {
    "resize_ppi": {
      "status": "PASS",
      "asset_id": "3ed8936add4d4033a9e75f9c38c3087e",
      "size_px": [
        400,
        300
      ],
      "ppi": 200.0,
      "sha256": "fd2aeb2a3705b383570dea80d5ba7585068488c9281cbaae3e7c7431680283f9"
    },
    "background": {
      "status": "PASS",
      "asset_id": "bd4434133f2e4e8c9e5557aa40baedb7",
      "border_visible_ratio": 0.0,
      "visible_ratio": 0.439635,
      "transparent_ratio": 0.560365,
      "sha256": "a4752013a8e3ed353c8d851041ef6cc5df81d98d117dc8b0d8961dd44cbf38cc"
    },
    "halftone": {
      "status": "PASS",
      "asset_id": "f47fd6f104b341bebbedf8beac66be3a",
      "coverage_ratio": 0.139219,
      "components": 973,
      "sha256": "159c5b96c3c4ff9e1e7cb6ff319e89b76f27fbac6b4d77dc885d0dc9c88fb527"
    },
    "vector": {
      "status": "PASS",
      "asset_id": "62c8540c547f4d16a7002b6a0e60b577",
      "path_count": 9,
      "coverage_ratio": 1.0,
      "quality_score": 0.996949,
      "sha256": "6d0afbcc7972e50f8f58b92cc71fa38dc483f890db8ded8643c8ba9a6d907b2a"
    },
    "history_lineage": {
      "status": "PASS",
      "source_asset_id": "3a774033c0b447e9a6541b94405056f2",
      "resize_asset_id": "3ed8936add4d4033a9e75f9c38c3087e",
      "vector_asset_id": "62c8540c547f4d16a7002b6a0e60b577",
      "active_revision": 3
    },
    "export": {
      "status": "PASS",
      "asset_id": "53e92b6d8e9b4516a26ad7c3f0f4ec5e",
      "format": "PNG",
      "size_px": [
        400,
        300
      ],
      "ppi": 200.0,
      "sha256": "fd2aeb2a3705b383570dea80d5ba7585068488c9281cbaae3e7c7431680283f9"
    }
  },
  "duration_seconds": 0.67
}
[7/11] Остановка всех ранее запущенных экземпляров ImageLab...
[8/11] Атомарное переключение на новую версию...
[9/11] Повторный производственный self-test уже установленной версии...
{
  "schema": 1,
  "status": "PASS",
  "app": "ImageLab by LarannA",
  "version": "1.4.6-recovery-candidate",
  "build_id": "REC-RT8-M6-20260724-03",
  "install_id": "97ca7c705d95b23b84e7e4edb273b783",
  "python": "3.13.14 (tags/v3.13.14:fd17997, Jun 10 2026, 13:03:48) [MSC v.1944 64 bit (AMD64)]",
  "data_dir": "C:\\Users\\runneradmin\\AppData\\Local\\Temp\\imagelab-release-selftest-postinstall-876041163\\data",
  "tests": {
    "resize_ppi": {
      "status": "PASS",
      "asset_id": "e94b40bba9f64efab7e81e891a844dca",
      "size_px": [
        400,
        300
      ],
      "ppi": 200.0,
      "sha256": "fd2aeb2a3705b383570dea80d5ba7585068488c9281cbaae3e7c7431680283f9"
    },
    "background": {
      "status": "PASS",
      "asset_id": "9afa4342052746f7b53de0bb02db6f1c",
      "border_visible_ratio": 0.0,
      "visible_ratio": 0.439635,
      "transparent_ratio": 0.560365,
      "sha256": "a4752013a8e3ed353c8d851041ef6cc5df81d98d117dc8b0d8961dd44cbf38cc"
    },
    "halftone": {
      "status": "PASS",
      "asset_id": "3fe76f0800d343dbb919fa8cc799a331",
      "coverage_ratio": 0.139219,
      "components": 973,
      "sha256": "159c5b96c3c4ff9e1e7cb6ff319e89b76f27fbac6b4d77dc885d0dc9c88fb527"
    },
    "vector": {
      "status": "PASS",
      "asset_id": "b2a45354c6c94dd28f8860dca3a1bcca",
      "path_count": 9,
      "coverage_ratio": 1.0,
      "quality_score": 0.996949,
      "sha256": "6d0afbcc7972e50f8f58b92cc71fa38dc483f890db8ded8643c8ba9a6d907b2a"
    },
    "history_lineage": {
      "status": "PASS",
      "source_asset_id": "b733103e6a2a44e4845b2b8d53e185db",
      "resize_asset_id": "e94b40bba9f64efab7e81e891a844dca",
      "vector_asset_id": "b2a45354c6c94dd28f8860dca3a1bcca",
      "active_revision": 3
    },
    "export": {
      "status": "PASS",
      "asset_id": "3252d3aa8866499c974f34bab6447a73",
      "format": "PNG",
      "size_px": [
        400,
        300
      ],
      "ppi": 200.0,
      "sha256": "fd2aeb2a3705b383570dea80d5ba7585068488c9281cbaae3e7c7431680283f9"
    }
  },
  "duration_seconds": 0.677
}
[10/11] Запуск новой установки и ожидание точного health identity...
[11/11] Новая установка подтверждена на 127.0.0.1:8765.
The operation completed successfully.
The operation completed successfully.
The operation completed successfully.
The operation completed successfully.
Установка завершена: version=1.4.6-recovery-candidate build=REC-RT8-M6-20260724-03 install=97ca7c705d95b23b84e7e4edb273b783
